\BOOKMARK [1][-]{section.1}{\376\377\000I\000n\000t\000r\000o\000d\000u\000\347\000\343\000o\000\040\000e\000\040\000M\000o\000d\000e\000l\000o\000\040\000d\000o\000\040\000S\000i\000s\000t\000e\000m\000a}{}% 1
\BOOKMARK [2][-]{subsection.1.1}{\376\377\000C\000o\000n\000t\000e\000x\000t\000u\000a\000l\000i\000z\000a\000\347\000\343\000o}{section.1}% 2
\BOOKMARK [2][-]{subsection.1.2}{\376\377\000R\000e\000p\000r\000e\000s\000e\000n\000t\000a\000\347\000\343\000o\000\040\000e\000m\000\040\000F\0002\000e}{section.1}% 3
\BOOKMARK [2][-]{subsection.1.3}{\376\377\000C\000o\000n\000f\000i\000g\000u\000r\000a\000\347\000\365\000e\000s\000\040\000d\000e\000\040\000T\000e\000s\000t\000e}{section.1}% 4
\BOOKMARK [1][-]{section.2}{\376\377\000F\000u\000n\000d\000a\000m\000e\000n\000t\000a\000\347\000\343\000o\000:\000\040\000L\000i\000n\000e\000a\000r\000i\000d\000a\000d\000e\000\040\000d\000o\000\040\000L\000C\000G\000\040\000e\000\040\000P\000r\000o\000p\000a\000g\000a\000\347\000\343\000o\000\040\000d\000e\000\040\000D\000i\000f\000e\000r\000e\000n\000\347\000a\000s}{}% 5
\BOOKMARK [1][-]{section.3}{\376\377\000M\000\363\000d\000u\000l\000o\000\040\0001\000:\000\040\000b\000a\000t\000c\000h\000\137\000a\000t\000t\000a\000c\000k\000\040\000+\000\040\000r\000e\000c\000o\000v\000e\000r\000\137\000k\000e\000y}{}% 6
\BOOKMARK [2][-]{subsection.3.1}{\376\377\000E\000s\000t\000r\000a\000t\000\351\000g\000i\000a\000\040\000d\000o\000\040\000A\000t\000a\000q\000u\000e}{section.3}% 7
\BOOKMARK [2][-]{subsection.3.2}{\376\377\000P\000r\000o\000v\000a\000:\000\040\000L\000i\000n\000e\000a\000r\000i\000z\000a\000\347\000\343\000o\000\040\000d\000a\000\040\000D\000i\000f\000e\000r\000e\000n\000\347\000a\000\040\000d\000e\000\040\000S\000a\000\355\000d\000a}{section.3}% 8
\BOOKMARK [2][-]{subsection.3.3}{\376\377\000P\000r\000o\000v\000a\000:\000\040\000V\000a\000l\000i\000d\000a\000d\000e\000\040\000n\000o\000\040\000T\000e\000m\000p\000o\000\040\000\050\000P\000r\000o\000p\000a\000g\000a\000\347\000\343\000o\000\040\000p\000e\000l\000o\000\040\000L\000C\000G\000\051}{section.3}% 9
\BOOKMARK [2][-]{subsection.3.4}{\376\377\000R\000e\000c\000u\000p\000e\000r\000a\000\347\000\343\000o\000\040\000d\000o\000\040\000E\000s\000t\000a\000d\000o\000\040\000I\000n\000i\000c\000i\000a\000l\000:\000\040\000S\000i\000s\000t\000e\000m\000a\000\040\000L\000i\000n\000e\000a\000r}{section.3}% 10
\BOOKMARK [2][-]{subsection.3.5}{\376\377\000C\000o\000r\000r\000e\000s\000p\000o\000n\000d\000\352\000n\000c\000i\000a\000\040\000c\000o\000m\000\040\000o\000\040\000C\000\363\000d\000i\000g\000o}{section.3}% 11
\BOOKMARK [1][-]{section.4}{\376\377\000M\000\363\000d\000u\000l\000o\000\040\0002\000:\000\040\000d\000i\000f\000f\000e\000r\000e\000n\000t\000i\000a\000l\000\137\000c\000o\000r\000r\000e\000l\000a\000t\000i\000o\000n}{}% 12
\BOOKMARK [2][-]{subsection.4.1}{\376\377\000C\000o\000r\000r\000e\000l\000a\000\347\000\343\000o\000\040\000P\000a\000s\000s\000i\000v\000a\000:\000\040\000\050\000z\000t\000,\000\040\000s\0002\0000\000\051}{section.4}% 13
\BOOKMARK [2][-]{subsection.4.2}{\376\377\000C\000o\000r\000r\000e\000l\000a\000\347\000\343\000o\000\040\000D\000i\000f\000e\000r\000e\000n\000c\000i\000a\000l\000:\000\040\000\050\000z\000t\000,\000\040\000s\0001\0000\000\051}{section.4}% 14
\BOOKMARK [2][-]{subsection.4.3}{\376\377\000C\000o\000e\000f\000i\000c\000i\000e\000n\000t\000e\000\040\000d\000e\000\040\000M\000a\000t\000t\000h\000e\000w\000s}{section.4}% 15
\BOOKMARK [1][-]{section.5}{\376\377\000M\000\363\000d\000u\000l\000o\000\040\0003\000:\000\040\000d\000i\000s\000t\000i\000n\000g\000u\000i\000s\000h\000\137\000a\000t\000t\000a\000c\000k}{}% 16
\BOOKMARK [2][-]{subsection.5.1}{\376\377\000C\000o\000n\000d\000i\000\347\000\343\000o\000\040\000d\000e\000\040\000D\000i\000s\000t\000i\000n\000g\000u\000i\000b\000i\000l\000i\000d\000a\000d\000e}{section.5}% 17
\BOOKMARK [2][-]{subsection.5.2}{\376\377\000F\000\363\000r\000m\000u\000l\000a\000\040\000G\000e\000r\000a\000l\000\040\000d\000a\000\040\000D\000i\000f\000e\000r\000e\000n\000\347\000a\000\040\000d\000e\000\040\000S\000a\000\355\000d\000a}{section.5}% 18
\BOOKMARK [1][-]{section.6}{\376\377\000M\000\363\000d\000u\000l\000o\000\040\0004\000:\000\040\000h\000i\000g\000h\000e\000r\000\137\000o\000r\000d\000e\000r\000\137\000d\000i\000f\000f\000e\000r\000e\000n\000t\000i\000a\000l}{}% 19
\BOOKMARK [2][-]{subsection.6.1}{\376\377\000D\000i\000f\000e\000r\000e\000n\000c\000i\000a\000i\000s\000\040\000d\000e\000\040\000O\000r\000d\000e\000m\000\040\000k\000:\000\040\000D\000e\000f\000i\000n\000i\000\347\000\343\000o}{section.6}% 20
\BOOKMARK [2][-]{subsection.6.2}{\376\377\000T\000e\000o\000r\000e\000m\000a\000\040\000C\000e\000n\000t\000r\000a\000l\000:\000\040\000G\000r\000a\000u\000\040\000A\000l\000g\000\351\000b\000r\000i\000c\000o\000\040\000e\000\040\000C\000o\000l\000a\000p\000s\000o\000\040\000d\000o\000\040\000D\000i\000f\000e\000r\000e\000n\000c\000i\000a\000l}{section.6}% 21
\BOOKMARK [2][-]{subsection.6.3}{\376\377\000A\000p\000l\000i\000c\000a\000\347\000\343\000o\000\040\000\340\000\040\000F\000u\000n\000\347\000\343\000o\000\040\000F\000i\000l\000t\000r\000o\000\040\000f\000\040\000\050\000G\000r\000a\000u\000\040\0002\000\051}{section.6}% 22
\BOOKMARK [1][-]{section.7}{\376\377\000M\000\363\000d\000u\000l\000o\000\040\0005\000:\000\040\000m\000u\000l\000t\000i\000\137\000d\000i\000f\000f\000e\000r\000e\000n\000c\000e\000\137\000a\000t\000t\000a\000c\000k}{}% 23
\BOOKMARK [2][-]{subsection.7.1}{\376\377\000R\000e\000c\000u\000p\000e\000r\000a\000\347\000\343\000o\000\040\000d\000e\000\040\000B\000i\000t\000s\000\040\000p\000o\000r\000\040\000C\000a\000r\000a\000c\000t\000e\000r\000\355\000s\000t\000i\000c\000a\000s\000\040\000C\000o\000m\000p\000l\000e\000m\000e\000n\000t\000a\000r\000e\000s}{section.7}% 24
\BOOKMARK [2][-]{subsection.7.2}{\376\377\000C\000o\000n\000j\000u\000n\000t\000o\000\040\000d\000e\000\040\000D\000i\000f\000e\000r\000e\000n\000\347\000a\000s\000\040\000U\000t\000i\000l\000i\000z\000a\000d\000a\000s}{section.7}% 25
\BOOKMARK [1][-]{section.8}{\376\377\000M\000\363\000d\000u\000l\000o\000\040\0006\000:\000\040\000e\000x\000h\000a\000u\000s\000t\000i\000v\000e\000\137\000s\000p\000e\000e\000d\000u\000p}{}% 26
\BOOKMARK [2][-]{subsection.8.1}{\376\377\000P\000r\000o\000p\000r\000i\000e\000d\000a\000d\000e\000\040\000d\000e\000\040\000S\000i\000m\000e\000t\000r\000i\000a\000\040\000d\000o\000s\000\040\000P\000a\000r\000e\000s}{section.8}% 27
\BOOKMARK [2][-]{subsection.8.2}{\376\377\000V\000e\000r\000i\000f\000i\000c\000a\000\347\000\343\000o\000\040\000E\000x\000p\000e\000r\000i\000m\000e\000n\000t\000a\000l}{section.8}% 28
\BOOKMARK [1][-]{section.9}{\376\377\000M\000\363\000d\000u\000l\000o\000\040\0007\000:\000\040\000h\000i\000g\000h\000e\000r\000\137\000o\000r\000d\000e\000r\000\137\000s\000t\000r\000e\000s\000s\000\040\000e\000\040\000h\000i\000g\000h\000e\000r\000\137\000o\000r\000d\000e\000r\000\137\000s\000c\000a\000l\000i\000n\000g}{}% 29
\BOOKMARK [2][-]{subsection.9.1}{\376\377\000C\000u\000s\000t\000o\000\040\000A\000s\000s\000i\000n\000t\000\363\000t\000i\000c\000o\000\040\000d\000o\000\040\000A\000t\000a\000q\000u\000e\000\040\000d\000e\000\040\000O\000r\000d\000e\000m\000\040\000k}{section.9}% 30
\BOOKMARK [2][-]{subsection.9.2}{\376\377\000T\000a\000b\000e\000l\000a\000\040\000d\000e\000\040\000V\000i\000a\000b\000i\000l\000i\000d\000a\000d\000e}{section.9}% 31
\BOOKMARK [2][-]{subsection.9.3}{\376\377\000A\000n\000\341\000l\000i\000s\000e\000\040\000d\000o\000\040\000h\000i\000g\000h\000e\000r\000\137\000o\000r\000d\000e\000r\000\137\000s\000t\000r\000e\000s\000s}{section.9}% 32
\BOOKMARK [2][-]{subsection.9.4}{\376\377\000A\000n\000\341\000l\000i\000s\000e\000\040\000d\000o\000\040\000h\000i\000g\000h\000e\000r\000\137\000o\000r\000d\000e\000r\000\137\000s\000c\000a\000l\000i\000n\000g}{section.9}% 33
\BOOKMARK [1][-]{section.10}{\376\377\000E\000x\000t\000e\000n\000s\000\343\000o\000\040\000p\000a\000r\000a\000\040\000F\000u\000n\000\347\000\365\000e\000s\000\040\000F\000i\000l\000t\000r\000o\000\040\000d\000e\000\040\000G\000r\000a\000u\000\040\000M\000a\000i\000o\000r}{}% 34
\BOOKMARK [2][-]{subsection.10.1}{\376\377\000G\000e\000n\000e\000r\000a\000l\000i\000z\000a\000\347\000\343\000o\000\040\000d\000o\000\040\000A\000t\000a\000q\000u\000e\000\040\000d\000e\000\040\000R\000e\000c\000u\000p\000e\000r\000a\000\347\000\343\000o\000\040\000d\000e\000\040\000C\000h\000a\000v\000e}{section.10}% 35
\BOOKMARK [2][-]{subsection.10.2}{\376\377\000G\000e\000n\000e\000r\000a\000l\000i\000z\000a\000\347\000\343\000o\000\040\000d\000a\000\040\000R\000e\000c\000u\000p\000e\000r\000a\000\347\000\343\000o\000\040\000d\000e\000\040\000E\000s\000t\000a\000d\000o}{section.10}% 36
\BOOKMARK [2][-]{subsection.10.3}{\376\377\000L\000i\000m\000i\000a\000r\000e\000s\000\040\000d\000e\000\040\000S\000e\000g\000u\000r\000a\000n\000\347\000a}{section.10}% 37
\BOOKMARK [1][-]{section.11}{\376\377\000S\000\355\000n\000t\000e\000s\000e\000\040\000d\000o\000s\000\040\000R\000e\000s\000u\000l\000t\000a\000d\000o\000s\000\040\000E\000x\000p\000e\000r\000i\000m\000e\000n\000t\000a\000i\000s}{}% 38
\BOOKMARK [1][-]{section.12}{\376\377\000C\000o\000n\000c\000l\000u\000s\000\365\000e\000s}{}% 39
\BOOKMARK [1][-]{appendix.A}{\376\377\000I\000d\000e\000n\000t\000i\000d\000a\000d\000e\000s\000\040\000d\000e\000\040\000\301\000l\000g\000e\000b\000r\000a\000\040\000B\000o\000o\000l\000e\000a\000n\000a\000\040\000U\000t\000i\000l\000i\000z\000a\000d\000a\000s}{}% 40
\BOOKMARK [1][-]{appendix.B}{\376\377\000P\000r\000o\000p\000r\000i\000e\000d\000a\000d\000e\000s\000\040\000d\000e\000\040\000F\0002\000e\000\040\000U\000t\000i\000l\000i\000z\000a\000d\000a\000s}{}% 41
\BOOKMARK [1][-]{appendix.C}{\376\377\000R\000e\000f\000e\000r\000\352\000n\000c\000i\000a\000:\000\040\000P\000a\000p\000e\000r\000\040\000O\000r\000i\000g\000i\000n\000a\000l}{}% 42
